// Vitest Snapshot v1, https://vitest.dev/guide/snapshot.html

exports[`docs typing demos > matches snapshot: human-typing-demo.tape 1`] = `
"Output human-typing-demo.gif


Type@23ms "S"
Type@264ms "h"
Type@144ms "i"
Type@135ms "p"
Type@17ms "p"
Type@152ms "i"
Type@182ms "n"
Type@157ms "g"
Type@108ms " "
Type@97ms "a"
Type@112ms " "
Type@80ms "d"
Type@108ms "e"
Type@352ms "m"
Type@187ms "o"
Type@96ms " "
Type@94ms "s"
Type@274ms "h"
Type@177ms "o"
Type@145ms "u"
Type@213ms "l"
Type@408ms "d"
Type@97ms " "
Type@81ms "f"
Type@125ms "e"
Type@15ms "e"
Type@417ms "l"
Type@98ms " "
Type@89ms "n"
Type@357ms "a"
Type@245ms "t"
Type@173ms "u"
Type@212ms "r"
Type@214ms "a"
Type@518ms "l"
Type@113ms "."
Ctrl+C

Type@35ms "E"
Type@142ms "a"
Type@195ms "c"
Type@184ms "h"
Type@98ms " "
Type@98ms "w"
Type@453ms "o"
Type@351ms "r"
Type@90ms "d"
Type@88ms " "
Type@99ms "l"
Type@525ms "a"
Type@378ms "n"
Type@271ms "d"
Type@106ms "s"
Type@110ms " "
Type@110ms "w"
Type@404ms "i"
Type@200ms "t"
Type@141ms "h"
Type@108ms " "
Type@91ms "a"
Type@109ms " "
Type@93ms "t"
Type@225ms "i"
Type@150ms "n"
Type@167ms "y"
Type@78ms " "
Type@113ms "p"
Type@544ms "a"
Type@353ms "u"
Type@309ms "s"
Type@91ms "e"
Type@98ms "."
Ctrl+C

Type@52ms "T"
Type@136ms "h"
Type@237ms "e"
Type@75ms " "
Type@90ms "f"
Type@349ms "l"
Type@121ms "o"
Type@472ms "w"
Type@89ms " "
Type@112ms "s"
Type@212ms "t"
Type@249ms "a"
Type@325ms "y"
Type@245ms "s"
Type@103ms " "
Type@111ms "r"
Type@84ms "e"
Type@131ms "a"
Type@165ms "d"
Type@142ms "a"
Type@330ms "b"
Type@249ms "l"
Type@413ms "e"
Type@103ms "."
Sleep 2s"
`;

exports[`docs typing demos > matches snapshot: sloppy-typing-demo.tape 1`] = `
"Output sloppy-typing-demo.gif


Sleep 100ms
Type@28ms "Shipp"
Sleep 100ms
Type@49ms "d"
Sleep 100ms
Backspace 1
Sleep 100ms
Type@59ms "ing"
Sleep 100ms
Type@25ms " "
Sleep 100ms
Type@46ms "a"
Sleep 100ms
Type@18ms " "
Sleep 100ms
Type@79ms "de"
Sleep 100ms
Type@100ms "a"
Sleep 100ms
Backspace 1
Sleep 100ms
Type@72ms "mo"
Sleep 100ms
Type@13ms " "
Sleep 100ms
Type@76ms "should"
Sleep 100ms
Type@71ms " "
Sleep 100ms
Type@61ms "fe"
Sleep 100ms
Type@86ms "l"
Sleep 100ms
Backspace 1
Sleep 100ms
Type@35ms "el"
Sleep 100ms
Type@41ms " "
Sleep 100ms
Type@29ms "na"
Sleep 100ms
Type@78ms "c"
Sleep 100ms
Backspace 1
Sleep 100ms
Type@42ms "tural."
Sleep 100ms
Ctrl+C

Sleep 100ms
Type@41ms "Ea"
Sleep 100ms
Type@15ms "e"
Sleep 100ms
Backspace 1
Sleep 100ms
Type@87ms "ch"
Sleep 100ms
Type@97ms " "
Sleep 100ms
Type@44ms "w"
Sleep 100ms
Type@72ms "k"
Sleep 100ms
Backspace 1
Sleep 100ms
Type@79ms "ord"
Sleep 100ms
Type@97ms " "
Sleep 100ms
Type@46ms "l"
Sleep 100ms
Type@99ms "e"
Sleep 100ms
Backspace 1
Sleep 100ms
Type@55ms "ands"
Sleep 100ms
Type@85ms " "
Sleep 100ms
Type@19ms "wi"
Sleep 100ms
Type@27ms "b"
Sleep 100ms
Backspace 1
Sleep 100ms
Type@67ms "th"
Sleep 100ms
Type@53ms " "
Sleep 100ms
Type@22ms "a"
Sleep 100ms
Type@12ms " "
Sleep 100ms
Type@20ms "t"
Sleep 100ms
Type@55ms "g"
Sleep 100ms
Backspace 1
Sleep 100ms
Type@13ms "iny"
Sleep 100ms
Type@104ms " "
Sleep 100ms
Type@75ms "pa"
Sleep 100ms
Type@66ms "g"
Sleep 100ms
Backspace 1
Sleep 100ms
Type@19ms "use."
Sleep 100ms
Ctrl+C

Sleep 100ms
Type@12ms "T"
Sleep 100ms
Type@44ms "z"
Sleep 100ms
Backspace 1
Sleep 100ms
Type@33ms "he"
Sleep 100ms
Type@101ms " "
Sleep 100ms
Type@94ms "flow"
Sleep 100ms
Type@101ms " "
Sleep 100ms
Type@59ms "sta"
Sleep 100ms
Type@12ms "v"
Sleep 100ms
Backspace 1
Sleep 100ms
Type@77ms "ys"
Sleep 100ms
Type@100ms " "
Sleep 100ms
Type@40ms "readabl"
Sleep 100ms
Type@66ms "r"
Sleep 100ms
Backspace 1
Sleep 100ms
Type@77ms "e.""
`;
